node.exe : 
(node:4404) Experim
entalWarning: 
CommonJS module C:\
Users\hecto\AppData
\Roaming\npm\node_m
odules\npm\node_mod
ules\debug\src\node
.js is loading ES 
Module C:\Users\hec
to\AppData\Roaming\
npm\node_modules\np
m\node_modules\supp
orts-color\index.js
 using require().
En C:\Program Files
\nodejs\npx.ps1: 
29 Carácter: 3
+   & $NODE_EXE 
$NPX_CLI_JS $args
+   ~~~~~~~~~~~~~~~
~~~~~~~~~~~~~~
    + CategoryInfo 
             : No  
  tSpecified: ((   
 node:4404) Exp    
...sing requir    
e().:String) [    
], RemoteExcep    
tion
    + FullyQualifi 
   edErrorId : Na  
  tiveCommandErr   
 or
 
Support for 
loading ES Module 
in require() is an 
experimental 
feature and might 
change at any time
(Use `node 
--trace-warnings 
...` to show where 
the warning was 
created)
src/app/admin/hackathons/[id]/teams/page.tsx(2,38): error TS2792: Cannot find module 'next/navigation'. Did you mean to set the 'moduleResolution' option to 'nodenext', or to add aliases to the 'paths' option?
src/app/admin/hackathons/[id]/teams/page.tsx(3,33): error TS2792: Cannot find module 'next-intl'. Did you mean to set the 'moduleResolution' option to 'nodenext', or to add aliases to the 'paths' option?
src/app/admin/hackathons/[id]/teams/page.tsx(4,20): error TS2792: Cannot find module 'styled-components'. Did you mean to set the 'moduleResolution' option to 'nodenext', or to add aliases to the 'paths' option?
src/app/admin/hackathons/[id]/teams/page.tsx(5,30): error TS2792: Cannot find module '@/components/AdminBreadcrumbs'. Did you mean to set the 'moduleResolution' option to 'nodenext', or to add aliases to the 'paths' option?
src/app/admin/hackathons/[id]/teams/page.tsx(6,28): error TS2792: Cannot find module '@/components/Buttons'. Did you mean to set the 'moduleResolution' option to 'nodenext', or to add aliases to the 'paths' option?
src/app/admin/hackathons/[id]/teams/page.tsx(7,45): error TS2792: Cannot find module '@/components/Toast'. Did you mean to set the 'moduleResolution' option to 'nodenext', or to add aliases to the 'paths' option?
src/app/admin/hackathons/[id]/teams/page.tsx(8,22): error TS2792: Cannot find module '@/components/pages/admin/hackathons/TeamList'. Did you mean to set the 'moduleResolution' option to 'nodenext', or to add aliases to the 'paths' option?
src/app/admin/hackathons/[id]/teams/page.tsx(9,22): error TS2792: Cannot find module '@/components/pages/admin/hackathons/TeamForm'. Did you mean to set the 'moduleResolution' option to 'nodenext', or to add aliases to the 'paths' option?
src/app/admin/hackathons/[id]/teams/page.tsx(10,19): error TS2792: Cannot find module '@/components/Modal'. Did you mean to set the 'moduleResolution' option to 'nodenext', or to add aliases to the 'paths' option?
src/app/admin/hackathons/[id]/teams/page.tsx(11,21): error TS2792: Cannot find module '@/lib/eden'. Did you mean to set the 'moduleResolution' option to 'nodenext', or to add aliases to the 'paths' option?
src/app/admin/hackathons/[id]/teams/page.tsx(12,30): error TS2792: Cannot find module '@/lib/security/csrfClient'. Did you mean to set the 'moduleResolution' option to 'nodenext', or to add aliases to the 'paths' option?
src/app/admin/hackathons/[id]/tracks/page.tsx(2,38): error TS2792: Cannot find module 'next/navigation'. Did you mean to set the 'moduleResolution' option to 'nodenext', or to add aliases to the 'paths' option?
src/app/admin/hackathons/[id]/tracks/page.tsx(3,33): error TS2792: Cannot find module 'next-intl'. Did you mean to set the 'moduleResolution' option to 'nodenext', or to add aliases to the 'paths' option?
src/app/admin/hackathons/[id]/tracks/page.tsx(4,20): error TS2792: Cannot find module 'styled-components'. Did you mean to set the 'moduleResolution' option to 'nodenext', or to add aliases to the 'paths' option?
src/app/admin/hackathons/[id]/tracks/page.tsx(5,30): error TS2792: Cannot find module '@/components/AdminBreadcrumbs'. Did you mean to set the 'moduleResolution' option to 'nodenext', or to add aliases to the 'paths' option?
src/app/admin/hackathons/[id]/tracks/page.tsx(6,28): error TS2792: Cannot find module '@/components/Buttons'. Did you mean to set the 'moduleResolution' option to 'nodenext', or to add aliases to the 'paths' option?
src/app/admin/hackathons/[id]/tracks/page.tsx(7,45): error TS2792: Cannot find module '@/components/Toast'. Did you mean to set the 'moduleResolution' option to 'nodenext', or to add aliases to the 'paths' option?
src/app/admin/hackathons/[id]/tracks/page.tsx(8,23): error TS2792: Cannot find module '@/components/pages/admin/hackathons/TrackList'. Did you mean to set the 'moduleResolution' option to 'nodenext', or to add aliases to the 'paths' option?
src/app/admin/hackathons/[id]/tracks/page.tsx(9,23): error TS2792: Cannot find module '@/components/pages/admin/hackathons/TrackForm'. Did you mean to set the 'moduleResolution' option to 'nodenext', or to add aliases to the 'paths' option?
src/app/admin/hackathons/[id]/tracks/page.tsx(10,19): error TS2792: Cannot find module '@/components/Modal'. Did you mean to set the 'moduleResolution' option to 'nodenext', or to add aliases to the 'paths' option?
src/app/admin/hackathons/[id]/tracks/page.tsx(11,21): error TS2792: Cannot find module '@/lib/eden'. Did you mean to set the 'moduleResolution' option to 'nodenext', or to add aliases to the 'paths' option?
src/app/admin/hackathons/[id]/tracks/page.tsx(12,30): error TS2792: Cannot find module '@/lib/security/csrfClient'. Did you mean to set the 'moduleResolution' option to 'nodenext', or to add aliases to the 'paths' option?
